
> luca-4@0.1.0 dev
> next dev --port 3000

▲ Next.js 16.2.7 (Turbopack)
- Local:         http://localhost:3000
- Network:       http://192.168.1.53:3000
✓ Ready in 613ms

 GET / 200 in 798ms (next.js: 313ms, application-code: 485ms)
✓ Compiled in 206ms
 GET / 200 in 150ms (next.js: 6ms, application-code: 144ms)
 GET / 200 in 138ms (next.js: 4ms, application-code: 134ms)
 GET / 200 in 139ms (next.js: 5ms, application-code: 135ms)
 GET /music 200 in 89ms (next.js: 48ms, application-code: 41ms)
 GET / 200 in 244ms (next.js: 11ms, application-code: 233ms)
✓ Compiled in 275ms
 GET / 200 in 608ms (next.js: 258ms, application-code: 350ms)
 GET / 200 in 230ms (next.js: 6ms, application-code: 224ms)
 GET / 200 in 232ms (next.js: 93ms, application-code: 139ms)
 GET / 200 in 78ms (next.js: 5ms, application-code: 73ms)
 GET / 200 in 369ms (next.js: 10ms, application-code: 360ms)
 GET / 200 in 66ms (next.js: 2ms, application-code: 64ms)
 GET /music 200 in 74ms (next.js: 20ms, application-code: 53ms)
 GET / 200 in 108ms (next.js: 4ms, application-code: 104ms)
 GET / 200 in 84ms (next.js: 4ms, application-code: 80ms)
 GET / 200 in 69ms (next.js: 4ms, application-code: 65ms)
 GET / 200 in 35ms (next.js: 3ms, application-code: 33ms)
 GET / 200 in 597ms (next.js: 3ms, application-code: 594ms)
 GET / 200 in 506ms (next.js: 16ms, application-code: 490ms)
 GET / 200 in 508ms (next.js: 88ms, application-code: 421ms)
✓ Compiled in 786ms
 GET / 200 in 719ms (next.js: 158ms, application-code: 561ms)
 GET / 200 in 721ms (next.js: 292ms, application-code: 429ms)
 GET / 200 in 724ms (next.js: 256ms, application-code: 468ms)
 GET / 200 in 723ms (next.js: 395ms, application-code: 328ms)
 GET / 200 in 728ms (next.js: 328ms, application-code: 400ms)
 GET / 200 in 730ms (next.js: 363ms, application-code: 366ms)
 GET / 200 in 291ms (next.js: 89ms, application-code: 202ms)
 GET / 200 in 296ms (next.js: 8ms, application-code: 288ms)
 GET / 200 in 296ms (next.js: 123ms, application-code: 173ms)
 GET / 200 in 302ms (next.js: 51ms, application-code: 251ms)
 GET / 200 in 301ms (next.js: 156ms, application-code: 145ms)
 GET / 200 in 151ms (next.js: 45ms, application-code: 106ms)
✓ Compiled in 273ms
 GET / 200 in 388ms (next.js: 8ms, application-code: 381ms)
 GET / 200 in 204ms (next.js: 5ms, application-code: 199ms)
 GET / 200 in 147ms (next.js: 7ms, application-code: 140ms)
 GET / 200 in 72ms (next.js: 3ms, application-code: 69ms)
 GET / 200 in 176ms (next.js: 3ms, application-code: 172ms)
 GET / 200 in 114ms (next.js: 4ms, application-code: 110ms)
 GET / 200 in 70ms (next.js: 5ms, application-code: 66ms)
 GET / 200 in 64ms (next.js: 3ms, application-code: 61ms)
✓ Compiled in 142ms
 GET / 200 in 75ms (next.js: 8ms, application-code: 67ms)
 GET / 200 in 211ms (next.js: 4ms, application-code: 207ms)
 GET / 200 in 81ms (next.js: 3ms, application-code: 78ms)
 GET / 200 in 115ms (next.js: 5ms, application-code: 111ms)
 GET / 200 in 83ms (next.js: 3ms, application-code: 80ms)
 GET / 200 in 120ms (next.js: 4ms, application-code: 117ms)
 GET /music 200 in 270ms (next.js: 199ms, application-code: 71ms)
 GET /lessons 200 in 150ms (next.js: 76ms, application-code: 73ms)
 GET / 200 in 1287ms (next.js: 8ms, application-code: 1279ms)
 GET /about 200 in 323ms (next.js: 172ms, application-code: 150ms)
 GET / 200 in 172ms (next.js: 8ms, application-code: 163ms)
 GET / 200 in 121ms (next.js: 6ms, application-code: 115ms)
 GET / 200 in 477ms (next.js: 31ms, application-code: 446ms)
 GET / 200 in 150ms (next.js: 6ms, application-code: 144ms)
 GET / 200 in 58ms (next.js: 6ms, application-code: 52ms)
 GET / 200 in 276ms (next.js: 4ms, application-code: 272ms)
 GET / 200 in 90ms (next.js: 14ms, application-code: 76ms)
 GET / 200 in 101ms (next.js: 8ms, application-code: 93ms)
 GET / 200 in 104ms (next.js: 3ms, application-code: 101ms)
 GET / 200 in 128ms (next.js: 4ms, application-code: 124ms)
 GET / 200 in 101ms (next.js: 4ms, application-code: 97ms)
 GET / 200 in 164ms (next.js: 5ms, application-code: 159ms)
 GET / 200 in 74ms (next.js: 4ms, application-code: 70ms)
 GET / 200 in 171ms (next.js: 5ms, application-code: 166ms)
 GET / 200 in 109ms (next.js: 7ms, application-code: 102ms)
✓ Compiled in 161ms
 GET / 200 in 136ms (next.js: 9ms, application-code: 127ms)
 GET / 200 in 154ms (next.js: 5ms, application-code: 149ms)
 GET / 200 in 197ms (next.js: 5ms, application-code: 191ms)
 GET / 200 in 215ms (next.js: 12ms, application-code: 203ms)
✓ Compiled in 124ms
✓ Compiled in 144ms
 GET / 200 in 295ms (next.js: 25ms, application-code: 269ms)
✓ Compiled in 134ms
 GET / 200 in 138ms (next.js: 4ms, application-code: 133ms)
 GET / 200 in 123ms (next.js: 4ms, application-code: 119ms)
 GET / 200 in 114ms (next.js: 4ms, application-code: 111ms)
✓ Compiled in 120ms
 GET / 200 in 212ms (next.js: 6ms, application-code: 207ms)
 GET / 200 in 127ms (next.js: 4ms, application-code: 123ms)
 GET / 200 in 120ms (next.js: 7ms, application-code: 114ms)
 GET / 200 in 132ms (next.js: 5ms, application-code: 128ms)
 GET /music 200 in 70ms (next.js: 9ms, application-code: 60ms)
 GET /lessons 200 in 44ms (next.js: 8ms, application-code: 37ms)
 GET /about 200 in 38ms (next.js: 6ms, application-code: 33ms)
 GET / 200 in 158ms (next.js: 4ms, application-code: 155ms)
 GET / 200 in 162ms (next.js: 7ms, application-code: 156ms)
 GET / 200 in 162ms (next.js: 4ms, application-code: 157ms)
 GET /lessons 200 in 51ms (next.js: 10ms, application-code: 41ms)
 GET /about 200 in 39ms (next.js: 5ms, application-code: 35ms)
 GET /videos 200 in 292ms (next.js: 248ms, application-code: 44ms)
 GET / 200 in 157ms (next.js: 4ms, application-code: 153ms)
 GET /shop 200 in 111ms (next.js: 70ms, application-code: 41ms)
 GET / 200 in 44ms (next.js: 5ms, application-code: 39ms)
 GET / 200 in 111ms (next.js: 4ms, application-code: 106ms)
 GET /music 200 in 41ms (next.js: 6ms, application-code: 35ms)
 GET / 200 in 34ms (next.js: 3ms, application-code: 31ms)
 GET / 200 in 111ms (next.js: 4ms, application-code: 106ms)
 GET / 200 in 96ms (next.js: 3ms, application-code: 93ms)
 GET / 200 in 162ms (next.js: 3ms, application-code: 159ms)
 GET / 200 in 73ms (next.js: 5ms, application-code: 69ms)
 GET / 200 in 71ms (next.js: 3ms, application-code: 68ms)
 GET / 200 in 38ms (next.js: 1947µs, application-code: 36ms)
✓ Compiled in 1813ms
 GET / 200 in 1603ms (next.js: 112ms, application-code: 1491ms)
 GET / 200 in 1594ms (next.js: 201ms, application-code: 1393ms)
 GET / 200 in 1592ms (next.js: 226ms, application-code: 1366ms)
 GET / 200 in 1604ms (next.js: 140ms, application-code: 1464ms)
 GET / 200 in 1602ms (next.js: 168ms, application-code: 1434ms)
 GET / 200 in 1197ms (next.js: 289ms, application-code: 908ms)
 GET / 200 in 1198ms (next.js: 320ms, application-code: 878ms)
 GET / 200 in 1199ms (next.js: 343ms, application-code: 856ms)
 GET / 200 in 1199ms (next.js: 406ms, application-code: 793ms)
 GET / 200 in 1203ms (next.js: 379ms, application-code: 824ms)
 GET / 200 in 1210ms (next.js: 241ms, application-code: 969ms)
 GET / 200 in 764ms (next.js: 34ms, application-code: 730ms)
 GET / 200 in 774ms (next.js: 8ms, application-code: 766ms)
 GET / 200 in 778ms (next.js: 66ms, application-code: 712ms)
 GET / 200 in 779ms (next.js: 102ms, application-code: 677ms)
 GET / 200 in 783ms (next.js: 130ms, application-code: 653ms)
 GET / 200 in 784ms (next.js: 156ms, application-code: 628ms)
 GET / 200 in 579ms (next.js: 74ms, application-code: 505ms)
 GET / 200 in 582ms (next.js: 38ms, application-code: 544ms)
 GET / 200 in 583ms (next.js: 115ms, application-code: 468ms)
 GET / 200 in 590ms (next.js: 8ms, application-code: 582ms)
 GET / 200 in 587ms (next.js: 185ms, application-code: 402ms)
 GET / 200 in 590ms (next.js: 147ms, application-code: 443ms)
 GET / 200 in 592ms (next.js: 217ms, application-code: 375ms)
 GET / 200 in 379ms (next.js: 11ms, application-code: 367ms)
 GET / 200 in 380ms (next.js: 44ms, application-code: 337ms)
 GET / 200 in 380ms (next.js: 121ms, application-code: 259ms)
 GET / 200 in 382ms (next.js: 161ms, application-code: 221ms)
 GET / 200 in 388ms (next.js: 77ms, application-code: 311ms)
 GET / 200 in 200ms (next.js: 3ms, application-code: 196ms)
 GET / 200 in 67ms (next.js: 3ms, application-code: 64ms)
 GET /about 200 in 232ms (next.js: 94ms, application-code: 138ms)
 GET / 200 in 79ms (next.js: 3ms, application-code: 76ms)
 GET / 200 in 121ms (next.js: 3ms, application-code: 118ms)
 GET / 200 in 73ms (next.js: 3ms, application-code: 70ms)
 GET /music 200 in 60ms (next.js: 18ms, application-code: 41ms)
 GET / 200 in 47ms (next.js: 4ms, application-code: 44ms)
 GET / 200 in 307ms (next.js: 4ms, application-code: 304ms)
 GET / 200 in 212ms (next.js: 6ms, application-code: 205ms)
 GET /music 200 in 35ms (next.js: 3ms, application-code: 32ms)
 GET / 200 in 31ms (next.js: 3ms, application-code: 28ms)
 GET /music 200 in 39ms (next.js: 4ms, application-code: 36ms)
 GET / 200 in 49ms (next.js: 12ms, application-code: 37ms)
 GET /shop 200 in 69ms (next.js: 25ms, application-code: 44ms)
 GET / 200 in 103ms (next.js: 9ms, application-code: 94ms)
 GET / 200 in 94ms (next.js: 4ms, application-code: 91ms)
✓ Compiled in 389ms
✓ Compiled in 138ms
 GET /music 200 in 456ms (next.js: 122ms, application-code: 334ms)
 GET /lessons 200 in 123ms (next.js: 55ms, application-code: 69ms)
 GET /music 200 in 45ms (next.js: 3ms, application-code: 41ms)
 GET /lessons 200 in 42ms (next.js: 3ms, application-code: 39ms)
 GET /music 200 in 37ms (next.js: 3ms, application-code: 34ms)
 GET /lessons 200 in 41ms (next.js: 4ms, application-code: 36ms)
 GET /about 200 in 34ms (next.js: 7ms, application-code: 27ms)
 GET /lessons 200 in 35ms (next.js: 3ms, application-code: 32ms)
 GET /about 200 in 30ms (next.js: 4ms, application-code: 26ms)
 GET /videos 200 in 71ms (next.js: 28ms, application-code: 43ms)
 GET /shop 200 in 47ms (next.js: 6ms, application-code: 41ms)
✓ Compiled in 91ms
 GET /shop 200 in 1855ms (next.js: 807ms, application-code: 1048ms)
 GET / 200 in 1867ms (next.js: 1079ms, application-code: 788ms)
 GET / 200 in 1871ms (next.js: 1003ms, application-code: 868ms)
 GET /shop 200 in 778ms (next.js: 7ms, application-code: 771ms)
 GET / 200 in 785ms (next.js: 53ms, application-code: 731ms)
 GET / 200 in 785ms (next.js: 93ms, application-code: 691ms)
 GET /shop 200 in 729ms (next.js: 102ms, application-code: 627ms)
 GET /shop 200 in 732ms (next.js: 7ms, application-code: 725ms)
 GET /shop 200 in 732ms (next.js: 54ms, application-code: 677ms)
 GET /shop 200 in 731ms (next.js: 140ms, application-code: 592ms)
 GET / 200 in 778ms (next.js: 188ms, application-code: 590ms)
 GET / 200 in 832ms (next.js: 8ms, application-code: 823ms)
 GET / 200 in 787ms (next.js: 8ms, application-code: 780ms)
 GET / 200 in 786ms (next.js: 6ms, application-code: 780ms)
 GET / 200 in 784ms (next.js: 8ms, application-code: 776ms)
 GET / 200 in 782ms (next.js: 48ms, application-code: 734ms)
 GET / 200 in 690ms (next.js: 4ms, application-code: 686ms)
 GET / 200 in 651ms (next.js: 8ms, application-code: 643ms)
 GET /shop 200 in 595ms (next.js: 6ms, application-code: 589ms)
 GET / 200 in 548ms (next.js: 47ms, application-code: 501ms)
 GET / 200 in 588ms (next.js: 10ms, application-code: 578ms)
 GET /shop 200 in 498ms (next.js: 9ms, application-code: 490ms)
 GET /shop 200 in 452ms (next.js: 194ms, application-code: 259ms)
 GET /shop 200 in 456ms (next.js: 107ms, application-code: 349ms)
 GET /shop 200 in 457ms (next.js: 152ms, application-code: 305ms)
 GET /shop 200 in 457ms (next.js: 230ms, application-code: 227ms)
 GET / 200 in 467ms (next.js: 11ms, application-code: 456ms)
 GET / 200 in 468ms (next.js: 57ms, application-code: 411ms)
 GET / 200 in 478ms (next.js: 6ms, application-code: 471ms)
 GET / 200 in 425ms (next.js: 4ms, application-code: 421ms)
 GET /shop 200 in 372ms (next.js: 7ms, application-code: 365ms)
 GET /shop 200 in 324ms (next.js: 13ms, application-code: 311ms)
 GET /shop 200 in 270ms (next.js: 45ms, application-code: 225ms)
 GET /shop 200 in 271ms (next.js: 112ms, application-code: 159ms)
 GET /shop 200 in 276ms (next.js: 6ms, application-code: 270ms)
 GET /shop 200 in 275ms (next.js: 181ms, application-code: 95ms)
✓ Compiled in 97ms
 GET /shop 200 in 1461ms (next.js: 441ms, application-code: 1020ms)
 GET / 200 in 1468ms (next.js: 179ms, application-code: 1289ms)
 GET / 200 in 1469ms (next.js: 262ms, application-code: 1207ms)
 GET /shop 200 in 924ms (next.js: 311ms, application-code: 612ms)
 GET / 200 in 977ms (next.js: 259ms, application-code: 718ms)
 GET / 200 in 980ms (next.js: 180ms, application-code: 799ms)
 GET /shop 200 in 703ms (next.js: 158ms, application-code: 545ms)
 GET /shop 200 in 706ms (next.js: 83ms, application-code: 623ms)
 GET /shop 200 in 706ms (next.js: 198ms, application-code: 508ms)
 GET /shop 200 in 709ms (next.js: 125ms, application-code: 584ms)
 GET / 200 in 759ms (next.js: 46ms, application-code: 713ms)
 GET / 200 in 761ms (next.js: 7ms, application-code: 754ms)
 GET / 200 in 815ms (next.js: 43ms, application-code: 771ms)
 GET / 200 in 817ms (next.js: 5ms, application-code: 812ms)
 GET / 200 in 822ms (next.js: 5ms, application-code: 816ms)
 GET / 200 in 822ms (next.js: 45ms, application-code: 777ms)
 GET / 200 in 735ms (next.js: 13ms, application-code: 723ms)
 GET / 200 in 730ms (next.js: 51ms, application-code: 679ms)
 GET /shop 200 in 620ms (next.js: 9ms, application-code: 611ms)
 GET / 200 in 618ms (next.js: 54ms, application-code: 564ms)
 GET / 200 in 619ms (next.js: 93ms, application-code: 527ms)
 GET /shop 200 in 485ms (next.js: 15ms, application-code: 470ms)
 GET /shop 200 in 345ms (next.js: 8ms, application-code: 337ms)
 GET / 200 in 525ms (next.js: 132ms, application-code: 392ms)
 GET / 200 in 528ms (next.js: 52ms, application-code: 476ms)
 GET /shop 200 in 346ms (next.js: 46ms, application-code: 300ms)
 GET /shop 200 in 348ms (next.js: 91ms, application-code: 257ms)
 GET /shop 200 in 393ms (next.js: 129ms, application-code: 264ms)
 GET / 200 in 406ms (next.js: 134ms, application-code: 272ms)
 GET / 200 in 406ms (next.js: 178ms, application-code: 228ms)
 GET /shop 200 in 291ms (next.js: 6ms, application-code: 284ms)
 GET /shop 200 in 239ms (next.js: 8ms, application-code: 231ms)
 GET /shop 200 in 189ms (next.js: 6ms, application-code: 183ms)
 GET /shop 200 in 188ms (next.js: 54ms, application-code: 134ms)
 GET /shop 200 in 188ms (next.js: 90ms, application-code: 99ms)
 GET /shop 200 in 139ms (next.js: 87ms, application-code: 52ms)
✓ Compiled in 66ms
 GET /shop 200 in 1431ms (next.js: 448ms, application-code: 983ms)
 GET / 200 in 1439ms (next.js: 165ms, application-code: 1274ms)
 GET / 200 in 1440ms (next.js: 251ms, application-code: 1189ms)
 GET /shop 200 in 977ms (next.js: 263ms, application-code: 714ms)
 GET / 200 in 1018ms (next.js: 197ms, application-code: 820ms)
 GET / 200 in 1021ms (next.js: 126ms, application-code: 895ms)
 GET /shop 200 in 734ms (next.js: 124ms, application-code: 610ms)
 GET /shop 200 in 735ms (next.js: 201ms, application-code: 534ms)
 GET /shop 200 in 738ms (next.js: 165ms, application-code: 573ms)
 GET /shop 200 in 740ms (next.js: 89ms, application-code: 651ms)
 GET / 200 in 752ms (next.js: 8ms, application-code: 744ms)
 GET / 200 in 753ms (next.js: 50ms, application-code: 702ms)
 GET / 200 in 832ms (next.js: 5ms, application-code: 827ms)
 GET / 200 in 835ms (next.js: 49ms, application-code: 786ms)
 GET / 200 in 750ms (next.js: 6ms, application-code: 744ms)
 GET / 200 in 750ms (next.js: 55ms, application-code: 695ms)
 GET / 200 in 653ms (next.js: 54ms, application-code: 599ms)
 GET / 200 in 655ms (next.js: 6ms, application-code: 650ms)
 GET /shop 200 in 544ms (next.js: 5ms, application-code: 539ms)
 GET / 200 in 547ms (next.js: 43ms, application-code: 504ms)
 GET / 200 in 511ms (next.js: 51ms, application-code: 460ms)
 GET /shop 200 in 423ms (next.js: 5ms, application-code: 417ms)
 GET /shop 200 in 327ms (next.js: 9ms, application-code: 318ms)
 GET / 200 in 424ms (next.js: 55ms, application-code: 370ms)
 GET / 200 in 427ms (next.js: 16ms, application-code: 411ms)
 GET /shop 200 in 377ms (next.js: 118ms, application-code: 259ms)
 GET /shop 200 in 380ms (next.js: 49ms, application-code: 331ms)
 GET /shop 200 in 381ms (next.js: 83ms, application-code: 298ms)
 GET / 200 in 398ms (next.js: 117ms, application-code: 281ms)
 GET / 200 in 399ms (next.js: 152ms, application-code: 247ms)
 GET /shop 200 in 313ms (next.js: 7ms, application-code: 307ms)
 GET /shop 200 in 269ms (next.js: 15ms, application-code: 254ms)
 GET /shop 200 in 202ms (next.js: 5ms, application-code: 197ms)
 GET /shop 200 in 202ms (next.js: 61ms, application-code: 141ms)
 GET /shop 200 in 202ms (next.js: 109ms, application-code: 94ms)
 GET /shop 200 in 145ms (next.js: 95ms, application-code: 50ms)
 GET / 200 in 34ms (next.js: 3ms, application-code: 31ms)
 GET / 200 in 36ms (next.js: 3ms, application-code: 33ms)
 GET /music 200 in 161ms (next.js: 111ms, application-code: 50ms)
 GET /shop 200 in 52ms (next.js: 6ms, application-code: 46ms)
 GET / 200 in 92ms (next.js: 41ms, application-code: 51ms)
 GET / 200 in 95ms (next.js: 4ms, application-code: 91ms)
 GET / 200 in 886ms (next.js: 160ms, application-code: 726ms)
 GET / 200 in 888ms (next.js: 221ms, application-code: 667ms)
 GET /shop 200 in 188ms (next.js: 136ms, application-code: 52ms)
 GET /shop 200 in 304ms (next.js: 91ms, application-code: 213ms)
 GET /shop 200 in 69ms (next.js: 8ms, application-code: 61ms)
 GET /shop 200 in 1425ms (next.js: 498ms, application-code: 927ms)
 GET /shop 200 in 1149ms (next.js: 132ms, application-code: 1017ms)
 GET / 200 in 551ms (next.js: 23ms, application-code: 529ms)
 GET / 200 in 549ms (next.js: 82ms, application-code: 467ms)
 GET / 200 in 356ms (next.js: 6ms, application-code: 350ms)
 GET / 200 in 355ms (next.js: 175ms, application-code: 180ms)
 GET /shop 200 in 360ms (next.js: 49ms, application-code: 311ms)
 GET /shop 200 in 100ms (next.js: 3ms, application-code: 97ms)
 GET / 200 in 40ms (next.js: 3ms, application-code: 37ms)
 GET /contact 200 in 96ms (next.js: 52ms, application-code: 44ms)
 GET /contact 200 in 1004ms (next.js: 270ms, application-code: 734ms)
 GET /contact 200 in 487ms (next.js: 118ms, application-code: 369ms)
 GET / 200 in 1094ms (next.js: 207ms, application-code: 887ms)
 GET / 200 in 1097ms (next.js: 122ms, application-code: 975ms)
 GET /contact 200 in 358ms (next.js: 93ms, application-code: 265ms)
 GET /contact 200 in 359ms (next.js: 125ms, application-code: 234ms)
 GET /shop 200 in 1198ms (next.js: 433ms, application-code: 765ms)
 GET / 200 in 694ms (next.js: 13ms, application-code: 681ms)
 GET / 200 in 694ms (next.js: 65ms, application-code: 630ms)
 GET /shop 200 in 689ms (next.js: 149ms, application-code: 540ms)
 GET / 200 in 486ms (next.js: 57ms, application-code: 430ms)
 GET / 200 in 489ms (next.js: 14ms, application-code: 474ms)
 GET / 200 in 322ms (next.js: 4ms, application-code: 317ms)
 GET / 200 in 323ms (next.js: 45ms, application-code: 279ms)
 GET /shop 200 in 226ms (next.js: 8ms, application-code: 217ms)
 GET /shop 200 in 147ms (next.js: 12ms, application-code: 135ms)
✓ Compiled in 245ms
 GET /contact 200 in 862ms (next.js: 25ms, application-code: 837ms)
 GET /contact 200 in 345ms (next.js: 95ms, application-code: 250ms)
 GET /contact 200 in 1729ms (next.js: 231ms, application-code: 1499ms)
 GET / 200 in 886ms (next.js: 224ms, application-code: 663ms)
 GET / 200 in 892ms (next.js: 177ms, application-code: 715ms)
 GET / 200 in 374ms (next.js: 240ms, application-code: 134ms)
 GET / 200 in 375ms (next.js: 275ms, application-code: 100ms)
 GET / 200 in 1770ms (next.js: 731ms, application-code: 1039ms)
 GET / 200 in 1771ms (next.js: 649ms, application-code: 1122ms)
 GET /shop 200 in 2.1s (next.js: 377ms, application-code: 1679ms)
 GET /shop 200 in 1241ms (next.js: 104ms, application-code: 1137ms)
 GET /contact 200 in 1240ms (next.js: 264ms, application-code: 975ms)
 GET / 200 in 1009ms (next.js: 60ms, application-code: 949ms)
 GET / 200 in 1011ms (next.js: 14ms, application-code: 997ms)
 GET /shop 200 in 631ms (next.js: 115ms, application-code: 517ms)
 GET /shop 200 in 631ms (next.js: 179ms, application-code: 452ms)
 GET /shop 200 in 633ms (next.js: 149ms, application-code: 484ms)
 GET /shop 200 in 543ms (next.js: 11ms, application-code: 533ms)
 GET /shop 200 in 540ms (next.js: 59ms, application-code: 480ms)
 GET /shop 200 in 540ms (next.js: 116ms, application-code: 424ms)
 GET /shop 200 in 461ms (next.js: 11ms, application-code: 450ms)
 GET /shop 200 in 461ms (next.js: 55ms, application-code: 406ms)
 GET /shop 200 in 463ms (next.js: 91ms, application-code: 372ms)
 GET /shop 200 in 417ms (next.js: 49ms, application-code: 368ms)
 GET /shop 200 in 422ms (next.js: 7ms, application-code: 414ms)
 GET /shop 200 in 422ms (next.js: 92ms, application-code: 330ms)
 GET /shop 200 in 398ms (next.js: 47ms, application-code: 351ms)
 GET /shop 200 in 401ms (next.js: 6ms, application-code: 395ms)
 GET /shop 200 in 323ms (next.js: 35ms, application-code: 288ms)
 GET /shop 200 in 349ms (next.js: 43ms, application-code: 306ms)
 GET /shop 200 in 351ms (next.js: 4ms, application-code: 347ms)
 GET /shop 200 in 275ms (next.js: 20ms, application-code: 255ms)
 GET /shop 200 in 321ms (next.js: 31ms, application-code: 290ms)
 GET /shop 200 in 328ms (next.js: 5ms, application-code: 323ms)
 GET /shop 200 in 243ms (next.js: 19ms, application-code: 224ms)
 GET /shop 200 in 319ms (next.js: 41ms, application-code: 278ms)
 GET /shop 200 in 322ms (next.js: 6ms, application-code: 317ms)
 GET /shop 200 in 240ms (next.js: 17ms, application-code: 222ms)
 GET /shop 200 in 277ms (next.js: 38ms, application-code: 239ms)
 GET /shop 200 in 282ms (next.js: 4ms, application-code: 277ms)
 GET /shop 200 in 209ms (next.js: 22ms, application-code: 187ms)
 GET /shop 200 in 138ms (next.js: 5ms, application-code: 133ms)
 GET /shop 200 in 147ms (next.js: 46ms, application-code: 102ms)
✓ Compiled in 281ms
 GET / 200 in 1088ms (next.js: 394ms, application-code: 693ms)
 GET / 200 in 2.1s (next.js: 850ms, application-code: 1246ms)
 GET / 200 in 1092ms (next.js: 344ms, application-code: 747ms)
 GET / 200 in 2.1s (next.js: 748ms, application-code: 1343ms)
 GET / 200 in 257ms (next.js: 159ms, application-code: 98ms)
 GET / 200 in 259ms (next.js: 104ms, application-code: 154ms)
 GET /contact 200 in 2.1s (next.js: 537ms, application-code: 1613ms)
 GET /contact 200 in 1187ms (next.js: 309ms, application-code: 878ms)
 GET /shop 200 in 2.4s (next.js: 336ms, application-code: 2.1s)
 GET /shop 200 in 1427ms (next.js: 143ms, application-code: 1284ms)
 GET /shop 200 in 682ms (next.js: 20ms, application-code: 661ms)
 GET /shop 200 in 683ms (next.js: 66ms, application-code: 616ms)
 GET / 200 in 1548ms (next.js: 478ms, application-code: 1070ms)
 GET / 200 in 1552ms (next.js: 437ms, application-code: 1115ms)
 GET /shop 200 in 559ms (next.js: 15ms, application-code: 545ms)
 GET /shop 200 in 449ms (next.js: 14ms, application-code: 435ms)
 GET /shop 200 in 508ms (next.js: 13ms, application-code: 495ms)
 GET /shop 200 in 441ms (next.js: 7ms, application-code: 434ms)
 GET /shop 200 in 450ms (next.js: 29ms, application-code: 421ms)
 GET /shop 200 in 479ms (next.js: 53ms, application-code: 426ms)
 GET /shop 200 in 495ms (next.js: 6ms, application-code: 489ms)
 GET /shop 200 in 420ms (next.js: 4ms, application-code: 415ms)
 GET /shop 200 in 344ms (next.js: 5ms, application-code: 339ms)
 GET /shop 200 in 346ms (next.js: 12ms, application-code: 334ms)
 GET /shop 200 in 302ms (next.js: 4ms, application-code: 298ms)
 GET /shop 200 in 295ms (next.js: 13ms, application-code: 282ms)
 GET /shop 200 in 358ms (next.js: 4ms, application-code: 354ms)
 GET /shop 200 in 351ms (next.js: 5ms, application-code: 346ms)
 GET /shop 200 in 309ms (next.js: 5ms, application-code: 303ms)
 GET /shop 200 in 317ms (next.js: 10ms, application-code: 308ms)
 GET /shop 200 in 309ms (next.js: 4ms, application-code: 305ms)
 GET /shop 200 in 345ms (next.js: 44ms, application-code: 301ms)
 GET /shop 200 in 337ms (next.js: 4ms, application-code: 333ms)
 GET /shop 200 in 308ms (next.js: 4ms, application-code: 304ms)
 GET /shop 200 in 269ms (next.js: 4ms, application-code: 265ms)
 GET /shop 200 in 271ms (next.js: 18ms, application-code: 254ms)
 GET /shop 200 in 274ms (next.js: 5ms, application-code: 269ms)
 GET /shop 200 in 336ms (next.js: 33ms, application-code: 303ms)
 GET /shop 200 in 365ms (next.js: 3ms, application-code: 362ms)
 GET /shop 200 in 360ms (next.js: 5ms, application-code: 356ms)
 GET /contact 200 in 127ms (next.js: 20ms, application-code: 108ms)
 GET /shop 200 in 302ms (next.js: 9ms, application-code: 293ms)
 GET /shop 200 in 266ms (next.js: 18ms, application-code: 249ms)
 GET /shop 200 in 307ms (next.js: 5ms, application-code: 302ms)
 GET /contact 200 in 263ms (next.js: 4ms, application-code: 259ms)
 GET /contact 200 in 264ms (next.js: 6ms, application-code: 258ms)
 GET /contact 200 in 265ms (next.js: 42ms, application-code: 223ms)
 GET /contact 200 in 228ms (next.js: 42ms, application-code: 186ms)
 GET /contact 200 in 151ms (next.js: 8ms, application-code: 144ms)
 GET /contact 200 in 219ms (next.js: 4ms, application-code: 214ms)
 GET /contact 200 in 253ms (next.js: 3ms, application-code: 250ms)
 GET /contact 200 in 246ms (next.js: 6ms, application-code: 240ms)
 GET /contact 200 in 214ms (next.js: 9ms, application-code: 205ms)
 GET /contact 200 in 211ms (next.js: 44ms, application-code: 167ms)
 GET /contact 200 in 175ms (next.js: 43ms, application-code: 132ms)
 GET /contact 200 in 269ms (next.js: 4ms, application-code: 265ms)
 GET /contact 200 in 281ms (next.js: 4ms, application-code: 277ms)
 GET /contact 200 in 290ms (next.js: 6ms, application-code: 283ms)
 GET /contact 200 in 255ms (next.js: 41ms, application-code: 214ms)
 GET /contact 200 in 258ms (next.js: 13ms, application-code: 246ms)
 GET /contact 200 in 252ms (next.js: 75ms, application-code: 178ms)
 GET /contact 200 in 243ms (next.js: 4ms, application-code: 239ms)
 GET /contact 200 in 207ms (next.js: 4ms, application-code: 204ms)
 GET /contact 200 in 222ms (next.js: 6ms, application-code: 216ms)
 GET /contact 200 in 192ms (next.js: 41ms, application-code: 150ms)
 GET /contact 200 in 194ms (next.js: 10ms, application-code: 184ms)
 GET /contact 200 in 130ms (next.js: 6ms, application-code: 124ms)
 GET /contact 200 in 233ms (next.js: 4ms, application-code: 229ms)
 GET /contact 200 in 242ms (next.js: 4ms, application-code: 238ms)
 GET /contact 200 in 208ms (next.js: 6ms, application-code: 202ms)
 GET /contact 200 in 174ms (next.js: 41ms, application-code: 133ms)
 GET /contact 200 in 177ms (next.js: 13ms, application-code: 163ms)
 GET /contact 200 in 104ms (next.js: 8ms, application-code: 96ms)
 GET /contact 200 in 54ms (next.js: 3ms, application-code: 50ms)
 GET / 200 in 1279ms (next.js: 191ms, application-code: 1088ms)
 GET / 200 in 584ms (next.js: 315ms, application-code: 268ms)
 GET / 200 in 1281ms (next.js: 268ms, application-code: 1013ms)
 GET / 200 in 586ms (next.js: 368ms, application-code: 219ms)
 GET /contact 200 in 1564ms (next.js: 424ms, application-code: 1140ms)
 GET /contact 200 in 899ms (next.js: 419ms, application-code: 480ms)
 GET /contact 200 in 418ms (next.js: 83ms, application-code: 334ms)
 GET /contact 200 in 422ms (next.js: 10ms, application-code: 412ms)
 GET /shop 200 in 1775ms (next.js: 595ms, application-code: 1180ms)
 GET /shop 200 in 1199ms (next.js: 464ms, application-code: 735ms)
 GET / 200 in 1289ms (next.js: 13ms, application-code: 1277ms)
 GET / 200 in 1290ms (next.js: 57ms, application-code: 1234ms)
 GET /contact 200 in 443ms (next.js: 16ms, application-code: 427ms)
 GET /contact 200 in 341ms (next.js: 16ms, application-code: 324ms)
 GET /contact 200 in 290ms (next.js: 8ms, application-code: 282ms)
 GET /contact 200 in 291ms (next.js: 53ms, application-code: 238ms)
 GET /contact 200 in 240ms (next.js: 12ms, application-code: 228ms)
 GET /contact 200 in 270ms (next.js: 9ms, application-code: 261ms)
 GET /contact 200 in 264ms (next.js: 7ms, application-code: 257ms)
 GET /contact 200 in 227ms (next.js: 7ms, application-code: 220ms)
 GET /contact 200 in 217ms (next.js: 5ms, application-code: 212ms)
 GET /contact 200 in 217ms (next.js: 39ms, application-code: 177ms)
 GET /contact 200 in 193ms (next.js: 7ms, application-code: 186ms)
 GET /contact 200 in 267ms (next.js: 4ms, application-code: 263ms)
 GET /contact 200 in 258ms (next.js: 5ms, application-code: 253ms)
 GET /contact 200 in 224ms (next.js: 8ms, application-code: 217ms)
 GET /contact 200 in 214ms (next.js: 6ms, application-code: 208ms)
 GET /contact 200 in 245ms (next.js: 41ms, application-code: 203ms)
 GET /contact 200 in 182ms (next.js: 9ms, application-code: 173ms)
 GET /contact 200 in 253ms (next.js: 3ms, application-code: 250ms)
 GET /contact 200 in 253ms (next.js: 5ms, application-code: 248ms)
 GET /contact 200 in 215ms (next.js: 5ms, application-code: 211ms)
 GET /contact 200 in 221ms (next.js: 4ms, application-code: 217ms)
 GET /contact 200 in 271ms (next.js: 35ms, application-code: 236ms)
 GET /contact 200 in 205ms (next.js: 11ms, application-code: 194ms)
 GET /contact 200 in 250ms (next.js: 3ms, application-code: 247ms)
 GET /contact 200 in 242ms (next.js: 7ms, application-code: 236ms)
 GET /contact 200 in 205ms (next.js: 8ms, application-code: 197ms)
 GET /contact 200 in 182ms (next.js: 5ms, application-code: 177ms)
 GET /contact 200 in 212ms (next.js: 4ms, application-code: 208ms)
 GET /contact 200 in 230ms (next.js: 7ms, application-code: 223ms)
 GET /contact 200 in 300ms (next.js: 4ms, application-code: 296ms)
 GET /contact 200 in 313ms (next.js: 3ms, application-code: 310ms)
 GET /shop 200 in 361ms (next.js: 8ms, application-code: 353ms)
 GET /shop 200 in 304ms (next.js: 10ms, application-code: 294ms)
 GET /shop 200 in 303ms (next.js: 9ms, application-code: 294ms)
 GET /shop 200 in 302ms (next.js: 18ms, application-code: 284ms)
 GET /shop 200 in 355ms (next.js: 3ms, application-code: 351ms)
 GET /shop 200 in 334ms (next.js: 5ms, application-code: 329ms)
 GET /shop 200 in 344ms (next.js: 4ms, application-code: 340ms)
 GET /shop 200 in 292ms (next.js: 9ms, application-code: 283ms)
 GET /shop 200 in 282ms (next.js: 5ms, application-code: 277ms)
 GET /shop 200 in 310ms (next.js: 42ms, application-code: 268ms)
 GET /shop 200 in 313ms (next.js: 4ms, application-code: 309ms)
 GET /shop 200 in 313ms (next.js: 3ms, application-code: 309ms)
 GET /shop 200 in 329ms (next.js: 4ms, application-code: 325ms)
 GET /shop 200 in 282ms (next.js: 11ms, application-code: 271ms)
 GET /shop 200 in 292ms (next.js: 4ms, application-code: 288ms)
 GET /shop 200 in 324ms (next.js: 33ms, application-code: 291ms)
 GET /shop 200 in 320ms (next.js: 4ms, application-code: 316ms)
 GET /shop 200 in 345ms (next.js: 3ms, application-code: 341ms)
 GET /shop 200 in 333ms (next.js: 4ms, application-code: 329ms)
 GET /shop 200 in 275ms (next.js: 9ms, application-code: 266ms)
 GET /shop 200 in 274ms (next.js: 6ms, application-code: 268ms)
 GET /shop 200 in 307ms (next.js: 32ms, application-code: 276ms)
 GET /shop 200 in 269ms (next.js: 3ms, application-code: 266ms)
 GET /shop 200 in 336ms (next.js: 3ms, application-code: 332ms)
 GET /shop 200 in 328ms (next.js: 4ms, application-code: 323ms)
 GET /shop 200 in 280ms (next.js: 9ms, application-code: 271ms)
 GET /shop 200 in 268ms (next.js: 5ms, application-code: 263ms)
 GET /shop 200 in 303ms (next.js: 37ms, application-code: 265ms)
 GET /shop 200 in 268ms (next.js: 5ms, application-code: 263ms)
 GET /shop 200 in 213ms (next.js: 3ms, application-code: 210ms)
 GET /shop 200 in 167ms (next.js: 4ms, application-code: 164ms)
 GET /shop 200 in 134ms (next.js: 19ms, application-code: 115ms)
 GET /shop 200 in 62ms (next.js: 4ms, application-code: 57ms)
✓ Compiled in 274ms
 GET /contact 200 in 537ms (next.js: 177ms, application-code: 360ms)
 GET /contact 200 in 224ms (next.js: 116ms, application-code: 108ms)
 GET / 200 in 758ms (next.js: 126ms, application-code: 632ms)
 GET / 200 in 546ms (next.js: 8ms, application-code: 538ms)
 GET /shop 200 in 492ms (next.js: 188ms, application-code: 304ms)
 GET / 200 in 250ms (next.js: 20ms, application-code: 230ms)
 GET / 200 in 237ms (next.js: 63ms, application-code: 174ms)
 GET /shop 200 in 179ms (next.js: 98ms, application-code: 81ms)
✓ Compiled in 209ms
 GET /shop/cart 200 in 2.8s (next.js: 2.7s, application-code: 125ms)
 GET /shop/cart 200 in 45ms (next.js: 4ms, application-code: 41ms)
 GET /videos 200 in 236ms (next.js: 170ms, application-code: 65ms)
 GET /contact 200 in 31ms (next.js: 7ms, application-code: 24ms)
✓ Compiled in 62ms
 GET /contact 200 in 372ms (next.js: 78ms, application-code: 294ms)
 GET /contact 200 in 254ms (next.js: 190ms, application-code: 64ms)
 GET / 200 in 259ms (next.js: 47ms, application-code: 212ms)
 GET / 200 in 261ms (next.js: 13ms, application-code: 248ms)
 GET /contact 200 in 262ms (next.js: 77ms, application-code: 185ms)
 GET / 200 in 49ms (next.js: 4ms, application-code: 44ms)
 GET /music 200 in 202ms (next.js: 146ms, application-code: 56ms)
 GET /lessons 200 in 211ms (next.js: 142ms, application-code: 69ms)
 GET /about 200 in 174ms (next.js: 108ms, application-code: 66ms)
 GET /videos 200 in 79ms (next.js: 18ms, application-code: 61ms)
 GET /shop 200 in 188ms (next.js: 108ms, application-code: 81ms)
✓ Compiled in 775ms
 GET / 500 in 748ms (next.js: 291ms, application-code: 457ms)
 GET / 500 in 753ms (next.js: 624ms, application-code: 129ms)
 GET /shop 500 in 646ms (next.js: 465ms, application-code: 181ms)
 GET /contact 500 in 640ms (next.js: 493ms, application-code: 147ms)
 GET / 500 in 555ms (next.js: 436ms, application-code: 119ms)
 GET / 500 in 549ms (next.js: 454ms, application-code: 95ms)
 GET / 500 in 404ms (next.js: 327ms, application-code: 77ms)
 GET / 500 in 399ms (next.js: 349ms, application-code: 50ms)
 GET /shop 500 in 268ms (next.js: 172ms, application-code: 96ms)
 GET /contact 500 in 237ms (next.js: 157ms, application-code: 80ms)
 GET /contact 500 in 238ms (next.js: 177ms, application-code: 61ms)
 GET /shop 500 in 237ms (next.js: 195ms, application-code: 42ms)
 GET /contact 200 in 1005ms (next.js: 294ms, application-code: 711ms)
 GET / 200 in 1017ms (next.js: 50ms, application-code: 967ms)
 GET / 200 in 1018ms (next.js: 80ms, application-code: 938ms)
 GET /shop 200 in 1054ms (next.js: 464ms, application-code: 589ms)
 GET /shop?category=music 200 in 51ms (next.js: 5ms, application-code: 47ms)
 GET /shop?category=education 200 in 36ms (next.js: 3ms, application-code: 33ms)
 GET /shop?category=education 200 in 836ms (next.js: 98ms, application-code: 738ms)
 GET /contact 200 in 834ms (next.js: 275ms, application-code: 558ms)
 GET /shop?category=education 200 in 499ms (next.js: 10ms, application-code: 489ms)
 GET /contact 200 in 495ms (next.js: 170ms, application-code: 325ms)
 GET / 200 in 847ms (next.js: 150ms, application-code: 697ms)
 GET / 200 in 848ms (next.js: 212ms, application-code: 637ms)
 GET /shop?category=education 200 in 263ms (next.js: 10ms, application-code: 253ms)
 GET /contact 200 in 258ms (next.js: 168ms, application-code: 90ms)
 GET / 200 in 513ms (next.js: 52ms, application-code: 461ms)
 GET / 200 in 512ms (next.js: 112ms, application-code: 399ms)
 GET / 200 in 272ms (next.js: 55ms, application-code: 217ms)
 GET / 200 in 271ms (next.js: 111ms, application-code: 160ms)
✓ Compiled in 128ms
✓ Compiled in 85ms
 GET /shop 200 in 19ms (next.js: 6ms, application-code: 13ms)
 GET /shop 200 in 82ms (next.js: 4ms, application-code: 78ms)
 GET /shop/cart 200 in 154ms (next.js: 109ms, application-code: 45ms)
 GET /shop 200 in 44ms (next.js: 3ms, application-code: 41ms)
 GET /contact 200 in 826ms (next.js: 336ms, application-code: 490ms)
 GET /contact 200 in 411ms (next.js: 184ms, application-code: 227ms)
 GET / 200 in 860ms (next.js: 259ms, application-code: 601ms)
 GET / 200 in 870ms (next.js: 181ms, application-code: 688ms)
 GET /shop 200 in 884ms (next.js: 103ms, application-code: 781ms)
 GET / 200 in 463ms (next.js: 63ms, application-code: 399ms)
 GET / 200 in 460ms (next.js: 126ms, application-code: 333ms)
 GET /shop 200 in 480ms (next.js: 15ms, application-code: 465ms)
 GET / 200 in 182ms (next.js: 3ms, application-code: 179ms)
 GET / 200 in 68ms (next.js: 2ms, application-code: 66ms)
 GET / 200 in 96ms (next.js: 3ms, application-code: 93ms)
 GET /contact 200 in 734ms (next.js: 400ms, application-code: 334ms)
 GET /contact 200 in 264ms (next.js: 163ms, application-code: 101ms)
 GET / 200 in 747ms (next.js: 107ms, application-code: 640ms)
 GET / 200 in 748ms (next.js: 180ms, application-code: 568ms)
 GET /shop 200 in 755ms (next.js: 324ms, application-code: 431ms)
 GET / 200 in 282ms (next.js: 63ms, application-code: 219ms)
 GET / 200 in 286ms (next.js: 7ms, application-code: 279ms)
 GET /shop 200 in 287ms (next.js: 119ms, application-code: 168ms)
 GET / 200 in 233ms (next.js: 3ms, application-code: 230ms)
 GET / 200 in 142ms (next.js: 3ms, application-code: 139ms)
 GET /shop/cart 200 in 53ms (next.js: 15ms, application-code: 38ms)
 GET /shop/checkout 200 in 2.1s (next.js: 2.0s, application-code: 29ms)
 GET / 200 in 38ms (next.js: 4ms, application-code: 34ms)
 GET /music 200 in 143ms (next.js: 93ms, application-code: 51ms)
 GET /lessons 200 in 132ms (next.js: 75ms, application-code: 58ms)
 GET /about 200 in 106ms (next.js: 74ms, application-code: 32ms)
✓ Compiled in 84ms
 GET /contact 200 in 606ms (next.js: 66ms, application-code: 540ms)
 GET /about 200 in 614ms (next.js: 18ms, application-code: 596ms)
 GET / 200 in 838ms (next.js: 88ms, application-code: 750ms)
 GET / 200 in 840ms (next.js: 151ms, application-code: 689ms)
 GET /contact 200 in 178ms (next.js: 50ms, application-code: 128ms)
 GET /about 200 in 190ms (next.js: 8ms, application-code: 182ms)
 GET / 200 in 636ms (next.js: 214ms, application-code: 422ms)
 GET / 200 in 639ms (next.js: 160ms, application-code: 479ms)
 GET / 200 in 697ms (next.js: 107ms, application-code: 590ms)
 GET /videos 200 in 268ms (next.js: 184ms, application-code: 84ms)
 GET /shop 200 in 151ms (next.js: 76ms, application-code: 75ms)
 GET /?footercheck=1781217210512 200 in 163ms (next.js: 5ms, application-code: 158ms)
 GET /?footercheck=1781217226502 200 in 169ms (next.js: 4ms, application-code: 165ms)
 GET /?footercheck=1781217241678 200 in 129ms (next.js: 4ms, application-code: 126ms)
 GET /contact 200 in 138ms (next.js: 29ms, application-code: 109ms)
 GET /shop 200 in 194ms (next.js: 23ms, application-code: 171ms)
 GET /videos 200 in 109ms (next.js: 18ms, application-code: 91ms)
✓ Compiled in 425ms
✓ Compiled in 262ms
✓ Compiled in 125ms
 GET /shop 200 in 1402ms (next.js: 163ms, application-code: 1238ms)
 GET / 200 in 227ms (next.js: 64ms, application-code: 163ms)
 GET /music 200 in 140ms (next.js: 66ms, application-code: 74ms)
 GET /lessons 200 in 108ms (next.js: 30ms, application-code: 78ms)
 GET /about 200 in 54ms (next.js: 15ms, application-code: 38ms)
 GET /videos 200 in 67ms (next.js: 16ms, application-code: 50ms)
 GET / 200 in 62ms (next.js: 7ms, application-code: 55ms)
 GET /music 200 in 66ms (next.js: 6ms, application-code: 60ms)
 GET / 200 in 55ms (next.js: 5ms, application-code: 50ms)
 GET / 200 in 313ms (next.js: 10ms, application-code: 303ms)
 GET / 200 in 179ms (next.js: 14ms, application-code: 165ms)
 GET / 200 in 168ms (next.js: 4ms, application-code: 165ms)
 GET / 200 in 874ms (next.js: 134ms, application-code: 740ms)
 GET / 200 in 1340ms (next.js: 286ms, application-code: 1055ms)
 GET /videos 200 in 1340ms (next.js: 403ms, application-code: 937ms)
 GET / 200 in 1350ms (next.js: 238ms, application-code: 1111ms)
 GET / 200 in 880ms (next.js: 103ms, application-code: 777ms)
 GET /videos 200 in 256ms (next.js: 26ms, application-code: 230ms)
 GET /shop 200 in 1638ms (next.js: 353ms, application-code: 1285ms)
 GET /videos 200 in 1181ms (next.js: 38ms, application-code: 1143ms)
 GET /shop 200 in 1182ms (next.js: 166ms, application-code: 1016ms)
 GET /shop 200 in 340ms (next.js: 78ms, application-code: 263ms)
 GET / 200 in 1201ms (next.js: 69ms, application-code: 1132ms)
 GET / 200 in 1205ms (next.js: 7ms, application-code: 1198ms)
 GET /shop 200 in 143ms (next.js: 6ms, application-code: 137ms)
 GET / 200 in 111ms (next.js: 3ms, application-code: 107ms)
 GET / 200 in 123ms (next.js: 3ms, application-code: 120ms)
 GET /videos 200 in 684ms (next.js: 183ms, application-code: 501ms)
 GET / 200 in 688ms (next.js: 95ms, application-code: 593ms)
 GET / 200 in 689ms (next.js: 303ms, application-code: 385ms)
 GET /shop 200 in 693ms (next.js: 249ms, application-code: 444ms)
 GET /videos 200 in 306ms (next.js: 73ms, application-code: 233ms)
 GET / 200 in 310ms (next.js: 7ms, application-code: 303ms)
 GET / 200 in 309ms (next.js: 175ms, application-code: 133ms)
 GET /shop 200 in 313ms (next.js: 128ms, application-code: 184ms)
 GET /videos 200 in 34ms (next.js: 3ms, application-code: 31ms)
 GET /videos 200 in 311ms (next.js: 9ms, application-code: 302ms)
 GET / 200 in 56ms (next.js: 6ms, application-code: 50ms)
✓ Compiled in 189ms
 GET /music 200 in 78ms (next.js: 27ms, application-code: 51ms)
 GET / 200 in 171ms (next.js: 9ms, application-code: 162ms)
 GET / 200 in 47ms (next.js: 4ms, application-code: 44ms)
 GET /music 200 in 52ms (next.js: 6ms, application-code: 46ms)
 GET /shop 200 in 68ms (next.js: 7ms, application-code: 61ms)
 GET / 200 in 129ms (next.js: 3ms, application-code: 126ms)
 GET /contact 200 in 76ms (next.js: 27ms, application-code: 49ms)
 GET /videos 200 in 69ms (next.js: 5ms, application-code: 64ms)
 GET /about 200 in 63ms (next.js: 27ms, application-code: 36ms)
 GET /lessons 200 in 76ms (next.js: 19ms, application-code: 56ms)
✓ Compiled in 175ms
 GET /music 200 in 55ms (next.js: 8ms, application-code: 47ms)
 GET / 200 in 58ms (next.js: 4ms, application-code: 54ms)
 GET /music 200 in 55ms (next.js: 5ms, application-code: 50ms)
 GET /lessons 200 in 62ms (next.js: 6ms, application-code: 55ms)
 GET /about 200 in 38ms (next.js: 5ms, application-code: 32ms)
 GET /videos 200 in 54ms (next.js: 7ms, application-code: 47ms)
 GET / 200 in 67ms (next.js: 6ms, application-code: 61ms)
 GET /shop 200 in 340ms (next.js: 49ms, application-code: 290ms)
✓ Compiled in 167ms
 GET /music 200 in 45ms (next.js: 5ms, application-code: 40ms)
 GET /shop 200 in 115ms (next.js: 6ms, application-code: 110ms)
✓ Compiled in 576ms
 GET /videos 200 in 1449ms (next.js: 71ms, application-code: 1378ms)
 GET /videos 200 in 2.4s (next.js: 365ms, application-code: 2.1s)
 GET / 200 in 2.6s (next.js: 609ms, application-code: 2.0s)
 GET /shop 200 in 2.7s (next.js: 937ms, application-code: 1750ms)
 GET /shop 200 in 2.7s (next.js: 865ms, application-code: 1798ms)
 GET /shop 200 in 2.7s (next.js: 819ms, application-code: 1848ms)
 GET / 200 in 536ms (next.js: 179ms, application-code: 357ms)
 GET / 200 in 1530ms (next.js: 115ms, application-code: 1415ms)
 GET /shop 200 in 1524ms (next.js: 266ms, application-code: 1258ms)
 GET /shop 200 in 537ms (next.js: 363ms, application-code: 174ms)
 GET /shop 200 in 1527ms (next.js: 220ms, application-code: 1307ms)
 GET /shop 200 in 539ms (next.js: 259ms, application-code: 280ms)
 GET /shop 200 in 1533ms (next.js: 180ms, application-code: 1352ms)
 GET /videos 200 in 1996ms (next.js: 333ms, application-code: 1663ms)
 GET /shop 200 in 2.1s (next.js: 252ms, application-code: 1838ms)
 GET / 200 in 1286ms (next.js: 83ms, application-code: 1203ms)
 GET /shop 200 in 2.1s (next.js: 289ms, application-code: 1809ms)
 GET /shop 200 in 2.1s (next.js: 219ms, application-code: 1888ms)
 GET /shop/artist-shirt 200 in 3.6s (next.js: 3.5s, generate-params: 640ms, application-code: 51ms)
 GET /shop 200 in 129ms (next.js: 3ms, application-code: 126ms)
 GET /contact 200 in 113ms (next.js: 71ms, application-code: 43ms)
 GET / 200 in 49ms (next.js: 3ms, application-code: 45ms)
 GET /videos 200 in 57ms (next.js: 6ms, application-code: 51ms)
✓ Compiled in 906ms
 GET /videos 200 in 878ms (next.js: 206ms, application-code: 672ms)
 GET / 200 in 883ms (next.js: 7ms, application-code: 876ms)
 GET /videos 200 in 482ms (next.js: 72ms, application-code: 410ms)
 GET /shop 200 in 853ms (next.js: 268ms, application-code: 585ms)
 GET / 200 in 523ms (next.js: 20ms, application-code: 503ms)
 GET /videos 200 in 355ms (next.js: 43ms, application-code: 312ms)
 GET /videos 200 in 356ms (next.js: 73ms, application-code: 283ms)
 GET /shop 200 in 581ms (next.js: 110ms, application-code: 472ms)
 GET / 200 in 418ms (next.js: 8ms, application-code: 410ms)
 GET /videos 200 in 266ms (next.js: 47ms, application-code: 219ms)
 GET /shop 200 in 420ms (next.js: 110ms, application-code: 310ms)
 GET /videos 200 in 199ms (next.js: 29ms, application-code: 169ms)
 GET / 200 in 273ms (next.js: 8ms, application-code: 264ms)
 GET /shop 200 in 269ms (next.js: 69ms, application-code: 200ms)
 GET /videos 200 in 122ms (next.js: 6ms, application-code: 116ms)
 GET /videos 200 in 85ms (next.js: 12ms, application-code: 72ms)
 GET /api/youtube/videos?maxResults=24 200 in 1490ms (next.js: 767ms, application-code: 723ms)
 GET /api/youtube/videos?maxResults=24 200 in 29ms (next.js: 4ms, application-code: 25ms)
 GET /api/youtube/videos?maxResults=24 200 in 24ms (next.js: 3ms, application-code: 21ms)
 GET /api/youtube/videos?maxResults=24 200 in 32ms (next.js: 2ms, application-code: 29ms)
✓ Compiled in 62ms
 GET /api/youtube/videos?maxResults=24 200 in 98ms (next.js: 80ms, application-code: 18ms)
 GET /api/youtube/videos?maxResults=24 200 in 15ms (next.js: 1955µs, application-code: 13ms)
 GET /videos 200 in 152ms (next.js: 50ms, application-code: 102ms)
 GET / 200 in 270ms (next.js: 74ms, application-code: 196ms)
 GET /shop 200 in 272ms (next.js: 46ms, application-code: 227ms)
 GET /videos 200 in 50ms (next.js: 3ms, application-code: 48ms)
✓ Compiled in 46ms
 GET /api/youtube/videos?maxResults=24 200 in 31ms (next.js: 15ms, application-code: 16ms)
 GET /api/youtube/videos?maxResults=24 200 in 22ms (next.js: 4ms, application-code: 17ms)
 GET /videos 200 in 179ms (next.js: 51ms, application-code: 128ms)
 GET / 200 in 294ms (next.js: 54ms, application-code: 240ms)
 GET /shop 200 in 295ms (next.js: 90ms, application-code: 205ms)
 GET /videos 200 in 64ms (next.js: 4ms, application-code: 60ms)
✓ Compiled in 47ms
 GET /videos 200 in 127ms (next.js: 50ms, application-code: 77ms)
 GET / 200 in 239ms (next.js: 41ms, application-code: 198ms)
 GET /videos 200 in 44ms (next.js: 3ms, application-code: 41ms)
 GET /shop 200 in 242ms (next.js: 76ms, application-code: 166ms)
 GET /videos 200 in 176ms (next.js: 90ms, application-code: 86ms)
 GET / 200 in 217ms (next.js: 56ms, application-code: 161ms)
 GET /shop 200 in 220ms (next.js: 130ms, application-code: 90ms)
 GET /videos 200 in 51ms (next.js: 7ms, application-code: 44ms)
 GET /videos 200 in 189ms (next.js: 4ms, application-code: 185ms)
 GET /api/youtube/videos?maxResults=6 200 in 673ms (next.js: 25ms, application-code: 648ms)
 GET / 200 in 54ms (next.js: 5ms, application-code: 49ms)
 GET /music 200 in 159ms (next.js: 103ms, application-code: 56ms)
 GET /lessons 200 in 140ms (next.js: 88ms, application-code: 52ms)
 GET /about 200 in 124ms (next.js: 76ms, application-code: 48ms)
 GET /videos 200 in 36ms (next.js: 4ms, application-code: 32ms)
 GET /api/youtube/videos?maxResults=24 200 in 24ms (next.js: 3ms, application-code: 21ms)
 GET /api/youtube/videos?maxResults=24 200 in 23ms (next.js: 3ms, application-code: 20ms)
 GET /videos 200 in 443ms (next.js: 222ms, application-code: 221ms)
 GET /videos 200 in 91ms (next.js: 4ms, application-code: 87ms)
 GET / 200 in 450ms (next.js: 120ms, application-code: 330ms)
 GET /shop 200 in 455ms (next.js: 281ms, application-code: 174ms)
 GET / 200 in 60ms (next.js: 6ms, application-code: 54ms)
 GET /music 200 in 82ms (next.js: 23ms, application-code: 59ms)
 GET /about 200 in 63ms (next.js: 18ms, application-code: 45ms)
 GET /videos 200 in 37ms (next.js: 5ms, application-code: 32ms)
 GET /api/youtube/videos?maxResults=24 200 in 728ms (next.js: 40ms, application-code: 687ms)
 GET /api/youtube/videos?maxResults=24 200 in 671ms (next.js: 5ms, application-code: 666ms)
 GET /shop 200 in 63ms (next.js: 5ms, application-code: 58ms)
 GET /contact 200 in 53ms (next.js: 23ms, application-code: 29ms)
 GET /shop 200 in 54ms (next.js: 7ms, application-code: 48ms)
 GET /shop/cart 200 in 165ms (next.js: 115ms, application-code: 50ms)
 GET /shop/cart 200 in 28ms (next.js: 5ms, application-code: 23ms)
 GET /shop/cart 200 in 26ms (next.js: 3ms, application-code: 24ms)
 GET /shop 200 in 42ms (next.js: 4ms, application-code: 38ms)
 GET / 200 in 40ms (next.js: 3ms, application-code: 36ms)
 GET /music 200 in 30ms (next.js: 3ms, application-code: 27ms)
 GET /lessons 200 in 64ms (next.js: 18ms, application-code: 47ms)
 GET /about 200 in 33ms (next.js: 3ms, application-code: 30ms)
 GET /videos 200 in 37ms (next.js: 3ms, application-code: 33ms)
 GET /api/youtube/videos?maxResults=24 200 in 26ms (next.js: 5ms, application-code: 21ms)
 GET /api/youtube/videos?maxResults=24 200 in 27ms (next.js: 4ms, application-code: 23ms)
 GET / 200 in 236ms (next.js: 4ms, application-code: 231ms)
✓ Compiled in 780ms
 GET /videos 200 in 1730ms (next.js: 730ms, application-code: 1001ms)
 GET /videos 200 in 845ms (next.js: 216ms, application-code: 629ms)
 GET / 200 in 1742ms (next.js: 546ms, application-code: 1197ms)
 GET /shop 200 in 1765ms (next.js: 388ms, application-code: 1377ms)
 GET /videos 200 in 138ms (next.js: 9ms, application-code: 129ms)
 GET / 200 in 918ms (next.js: 31ms, application-code: 887ms)
 GET /videos 200 in 141ms (next.js: 34ms, application-code: 108ms)
 GET /videos 200 in 143ms (next.js: 60ms, application-code: 83ms)
 GET /videos 200 in 140ms (next.js: 82ms, application-code: 58ms)
 GET /shop 200 in 931ms (next.js: 10ms, application-code: 921ms)
 GET / 200 in 215ms (next.js: 38ms, application-code: 176ms)
 GET /shop 200 in 217ms (next.js: 7ms, application-code: 210ms)
 GET /api/youtube/videos?maxResults=24 200 in 604ms (next.js: 37ms, application-code: 567ms)
 GET /api/youtube/videos?maxResults=24 200 in 17ms (next.js: 3ms, application-code: 15ms)
 GET /api/youtube/videos?maxResults=24 200 in 20ms (next.js: 3ms, application-code: 17ms)
 GET /api/youtube/videos?maxResults=24 200 in 29ms (next.js: 2ms, application-code: 26ms)
 GET / 200 in 252ms (next.js: 3ms, application-code: 249ms)
 GET /music 200 in 71ms (next.js: 30ms, application-code: 40ms)
 GET /about 200 in 51ms (next.js: 20ms, application-code: 31ms)
 GET /videos 200 in 30ms (next.js: 5ms, application-code: 25ms)
 GET /api/youtube/videos?maxResults=24 200 in 30ms (next.js: 3ms, application-code: 27ms)
✓ Compiled in 132ms
 GET /videos 200 in 474ms (next.js: 295ms, application-code: 178ms)
 GET /videos 200 in 106ms (next.js: 11ms, application-code: 95ms)
 GET / 200 in 482ms (next.js: 97ms, application-code: 385ms)
 GET /shop 200 in 483ms (next.js: 178ms, application-code: 305ms)
 GET /videos 200 in 61ms (next.js: 5ms, application-code: 56ms)
 GET / 200 in 65ms (next.js: 4ms, application-code: 60ms)
✓ Compiled in 246ms
 GET /videos 200 in 662ms (next.js: 108ms, application-code: 554ms)
 GET / 200 in 941ms (next.js: 7ms, application-code: 934ms)
 GET /videos 200 in 461ms (next.js: 97ms, application-code: 363ms)
 GET / 200 in 709ms (next.js: 170ms, application-code: 538ms)
 GET /shop 200 in 907ms (next.js: 133ms, application-code: 774ms)
 GET /videos 200 in 255ms (next.js: 91ms, application-code: 165ms)
 GET /videos 200 in 257ms (next.js: 126ms, application-code: 131ms)
 GET / 200 in 558ms (next.js: 7ms, application-code: 551ms)
 GET / 200 in 563ms (next.js: 139ms, application-code: 423ms)
 GET /shop 200 in 568ms (next.js: 59ms, application-code: 509ms)
 GET / 200 in 352ms (next.js: 5ms, application-code: 347ms)
 GET /shop 200 in 353ms (next.js: 49ms, application-code: 303ms)
 GET /videos 200 in 152ms (next.js: 7ms, application-code: 145ms)
 GET /videos 200 in 106ms (next.js: 9ms, application-code: 96ms)
 GET / 200 in 107ms (next.js: 44ms, application-code: 63ms)
 GET /api/youtube/videos?maxResults=24 200 in 55ms (next.js: 27ms, application-code: 28ms)
 GET /api/youtube/videos?maxResults=24 200 in 25ms (next.js: 3ms, application-code: 21ms)
 GET /api/youtube/videos?maxResults=24 200 in 23ms (next.js: 1672µs, application-code: 21ms)
 GET /api/youtube/videos?maxResults=24 200 in 28ms (next.js: 2ms, application-code: 26ms)
 GET /music 200 in 68ms (next.js: 18ms, application-code: 50ms)
 GET /lessons 200 in 71ms (next.js: 27ms, application-code: 44ms)
 GET /about 200 in 50ms (next.js: 18ms, application-code: 32ms)
 GET /lessons 200 in 48ms (next.js: 5ms, application-code: 43ms)
